  id | filename             | line | format string
  10 | main.cc              | 333  | Debug
  12 | main.cc              | 315  | Debug
  57 | main.cc              | 309  | Debug
  64 | main.cc              | 321  | Debug
  71 | main.cc              | 327  | Debug
